campaign_id,total_thb,pct_of_target
9,325427115,402.7523
4,321507435,172.4762
6,320905443,170.7681
8,328600078,139.1811
5,327068560,69.03
3,327454429,65.7089
10,322897882,63.3826
2,326178443,52.5419
1,326376520,52.2154
7,322859177,50.4835
